[JOB] ===== BEGIN Mon Oct  6 12:55:34 PM CDT 2025 =====
[JOB] Host: c454-042.stampede3.tacc.utexas.edu
[JOB] CWD : /work2/10756/piercezhang9871/stampede3/3d-1d/test
[JOB] ----- module list -----

Currently Loaded Modules:
  1) intel/24.0   3) autotools/1.4   5) xalt/3.1.1      7) TACC
  2) impi/21.11   4) cmake/4.1.1     6) python/3.9.18

 

[JOB] -----------------------
Shell debugging temporarily silenced: export LMOD_SH_DBG_ON=1 for Lmod's output
Shell debugging restarted
