[JOB] ===== BEGIN Mon Oct  6 01:32:15 PM CDT 2025 =====
[JOB] Host: c455-023.stampede3.tacc.utexas.edu
[JOB] CWD : /work2/10756/piercezhang9871/stampede3/3d-1d/test
[JOB] Cloning https://github.com/isosafrasaurus/3d-1d into /work2/10756/piercezhang9871/stampede3/3d-1d-2441385 ...
[JOB] Repo dir: /work2/10756/piercezhang9871/stampede3/3d-1d-2441385
apptainer version 1.4.1-1.el9
Missing HsMG for fract norm computing
WARNING: user expression has not supplied value_shape method or an element. Assuming scalar element.
WARNING: user expression has not supplied value_shape method or an element. Assuming scalar element.
net_flow_all = 4.721770307206342e-07
[JOB] Container exit code: 0
[JOB] =====  END  Mon Oct  6 01:32:27 PM CDT 2025 =====
