[JOB] START 2025-10-06T14:42:23-05:00
[JOB] JobID: 2441622  Tasks: 1
[JOB] Script: test/00_tacc_test.py
[JOB] Fetching repository…
[JOB] RepoDir: /work2/10756/piercezhang9871/stampede3/3d-1d-2441622
[JOB] Runtime: /opt/apps/tacc-apptainer/1.4.1/bin/apptainer (apptainer version 1.4.1-1.el9)
[JOB] Image  : docker://ghcr.io/isosafrasaurus/tacc-mvapich2.3-python3.12-graphnics:latest
[JOB] Running workload…
Missing HsMG for fract norm computing
[JOB] ExitCode: 1
[JOB] END 2025-10-06T14:42:35-05:00
