[JOB] START 2025-10-07T17:02:15-05:00
[JOB] JobID: 2445193  Tasks: 1
[JOB] Script : /work2/10756/piercezhang9871/stampede3/3d-1d/test/00_tacc_test.py
[JOB] RunDir : /work2/10756/piercezhang9871/stampede3/3d-1d/test
[JOB] ProjRt : /work2/10756/piercezhang9871/stampede3/3d-1d
[JOB] Runtime: /opt/apps/tacc-apptainer/1.4.1/bin/apptainer (apptainer version 1.4.1-1.el9)
[JOB] Image  : docker://ghcr.io/isosafrasaurus/tacc-mvapich2.3-python3.12-graphnics:latest
[JOB] Running workloadâ€¦
Missing HsMG for fract norm computing
WARNING: user expression has not supplied value_shape method or an element. Assuming scalar element.
WARNING: user expression has not supplied value_shape method or an element. Assuming scalar element.
net_flow_all = 4.721770307206342e-07
[JOB] ExitCode: 0
[JOB] END 2025-10-07T17:02:28-05:00
